Archive member included to satisfy reference by file (symbol)

C:/ST/STM32CubeIDE_1.14.0/STM32CubeIDE/plugins/com.st.stm32cube.ide.mcu.externaltools.gnu-tools-for-stm32.11.3.rel1.win32_1.1.100.202309141235/tools/bin/../lib/gcc/arm-none-eabi/11.3.1/../../../../arm-none-eabi/lib/thumb/v7e-m+fp/hard\libc_nano.a(libc_a-exit.o)
                              C:/ST/STM32CubeIDE_1.14.0/STM32CubeIDE/plugins/com.st.stm32cube.ide.mcu.externaltools.gnu-tools-for-stm32.11.3.rel1.win32_1.1.100.202309141235/tools/bin/../lib/gcc/arm-none-eabi/11.3.1/../../../../arm-none-eabi/lib/thumb/v7e-m+fp/hard/crt0.o (exit)
C:/ST/STM32CubeIDE_1.14.0/STM32CubeIDE/plugins/com.st.stm32cube.ide.mcu.externaltools.gnu-tools-for-stm32.11.3.rel1.win32_1.1.100.202309141235/tools/bin/../lib/gcc/arm-none-eabi/11.3.1/../../../../arm-none-eabi/lib/thumb/v7e-m+fp/hard\libc_nano.a(libc_a-findfp.o)
                              C:/ST/STM32CubeIDE_1.14.0/STM32CubeIDE/plugins/com.st.stm32cube.ide.mcu.externaltools.gnu-tools-for-stm32.11.3.rel1.win32_1.1.100.202309141235/tools/bin/../lib/gcc/arm-none-eabi/11.3.1/../../../../arm-none-eabi/lib/thumb/v7e-m+fp/hard\libc_nano.a(libc_a-exit.o) (__stdio_exit_handler)
C:/ST/STM32CubeIDE_1.14.0/STM32CubeIDE/plugins/com.st.stm32cube.ide.mcu.externaltools.gnu-tools-for-stm32.11.3.rel1.win32_1.1.100.202309141235/tools/bin/../lib/gcc/arm-none-eabi/11.3.1/../../../../arm-none-eabi/lib/thumb/v7e-m+fp/hard\libc_nano.a(libc_a-fwalk.o)
                              C:/ST/STM32CubeIDE_1.14.0/STM32CubeIDE/plugins/com.st.stm32cube.ide.mcu.externaltools.gnu-tools-for-stm32.11.3.rel1.win32_1.1.100.202309141235/tools/bin/../lib/gcc/arm-none-eabi/11.3.1/../../../../arm-none-eabi/lib/thumb/v7e-m+fp/hard\libc_nano.a(libc_a-findfp.o) (_fwalk_sglue)
C:/ST/STM32CubeIDE_1.14.0/STM32CubeIDE/plugins/com.st.stm32cube.ide.mcu.externaltools.gnu-tools-for-stm32.11.3.rel1.win32_1.1.100.202309141235/tools/bin/../lib/gcc/arm-none-eabi/11.3.1/../../../../arm-none-eabi/lib/thumb/v7e-m+fp/hard\libc_nano.a(libc_a-stdio.o)
                              C:/ST/STM32CubeIDE_1.14.0/STM32CubeIDE/plugins/com.st.stm32cube.ide.mcu.externaltools.gnu-tools-for-stm32.11.3.rel1.win32_1.1.100.202309141235/tools/bin/../lib/gcc/arm-none-eabi/11.3.1/../../../../arm-none-eabi/lib/thumb/v7e-m+fp/hard\libc_nano.a(libc_a-findfp.o) (__sread)
C:/ST/STM32CubeIDE_1.14.0/STM32CubeIDE/plugins/com.st.stm32cube.ide.mcu.externaltools.gnu-tools-for-stm32.11.3.rel1.win32_1.1.100.202309141235/tools/bin/../lib/gcc/arm-none-eabi/11.3.1/../../../../arm-none-eabi/lib/thumb/v7e-m+fp/hard\libc_nano.a(libc_a-memset.o)
                              C:/ST/STM32CubeIDE_1.14.0/STM32CubeIDE/plugins/com.st.stm32cube.ide.mcu.externaltools.gnu-tools-for-stm32.11.3.rel1.win32_1.1.100.202309141235/tools/bin/../lib/gcc/arm-none-eabi/11.3.1/../../../../arm-none-eabi/lib/thumb/v7e-m+fp/hard/crt0.o (memset)
C:/ST/STM32CubeIDE_1.14.0/STM32CubeIDE/plugins/com.st.stm32cube.ide.mcu.externaltools.gnu-tools-for-stm32.11.3.rel1.win32_1.1.100.202309141235/tools/bin/../lib/gcc/arm-none-eabi/11.3.1/../../../../arm-none-eabi/lib/thumb/v7e-m+fp/hard\libc_nano.a(libc_a-closer.o)
                              C:/ST/STM32CubeIDE_1.14.0/STM32CubeIDE/plugins/com.st.stm32cube.ide.mcu.externaltools.gnu-tools-for-stm32.11.3.rel1.win32_1.1.100.202309141235/tools/bin/../lib/gcc/arm-none-eabi/11.3.1/../../../../arm-none-eabi/lib/thumb/v7e-m+fp/hard\libc_nano.a(libc_a-stdio.o) (_close_r)
C:/ST/STM32CubeIDE_1.14.0/STM32CubeIDE/plugins/com.st.stm32cube.ide.mcu.externaltools.gnu-tools-for-stm32.11.3.rel1.win32_1.1.100.202309141235/tools/bin/../lib/gcc/arm-none-eabi/11.3.1/../../../../arm-none-eabi/lib/thumb/v7e-m+fp/hard\libc_nano.a(libc_a-reent.o)
                              C:/ST/STM32CubeIDE_1.14.0/STM32CubeIDE/plugins/com.st.stm32cube.ide.mcu.externaltools.gnu-tools-for-stm32.11.3.rel1.win32_1.1.100.202309141235/tools/bin/../lib/gcc/arm-none-eabi/11.3.1/../../../../arm-none-eabi/lib/thumb/v7e-m+fp/hard\libc_nano.a(libc_a-closer.o) (errno)
C:/ST/STM32CubeIDE_1.14.0/STM32CubeIDE/plugins/com.st.stm32cube.ide.mcu.externaltools.gnu-tools-for-stm32.11.3.rel1.win32_1.1.100.202309141235/tools/bin/../lib/gcc/arm-none-eabi/11.3.1/../../../../arm-none-eabi/lib/thumb/v7e-m+fp/hard\libc_nano.a(libc_a-impure.o)
                              C:/ST/STM32CubeIDE_1.14.0/STM32CubeIDE/plugins/com.st.stm32cube.ide.mcu.externaltools.gnu-tools-for-stm32.11.3.rel1.win32_1.1.100.202309141235/tools/bin/../lib/gcc/arm-none-eabi/11.3.1/../../../../arm-none-eabi/lib/thumb/v7e-m+fp/hard\libc_nano.a(libc_a-reent.o) (_impure_ptr)
C:/ST/STM32CubeIDE_1.14.0/STM32CubeIDE/plugins/com.st.stm32cube.ide.mcu.externaltools.gnu-tools-for-stm32.11.3.rel1.win32_1.1.100.202309141235/tools/bin/../lib/gcc/arm-none-eabi/11.3.1/../../../../arm-none-eabi/lib/thumb/v7e-m+fp/hard\libc_nano.a(libc_a-lseekr.o)
[...]
Memory Configuration

Name             Origin             Length             Attributes
RAM              0x0000000020000000 0x0000000000018000 xrw
FLASH            0x0000000008000000 0x0000000000060000 xr
*default*        0x0000000000000000 0xffffffffffffffff

Linker script and memory map

LOAD C:/ST/STM32CubeIDE_1.14.0/STM32CubeIDE/plugins/com.st.stm32cube.ide.mcu.externaltools.gnu-tools-for-stm32.11.3.rel1.win32_1.1.100.202309141235/tools/bin/../lib/gcc/arm-none-eabi/11.3.1/thumb/v7e-m+fp/hard/crti.o
LOAD C:/ST/STM32CubeIDE_1.14.0/STM32CubeIDE/plugins/com.st.stm32cube.ide.mcu.externaltools.gnu-tools-for-stm32.11.3.rel1.win32_1.1.100.202309141235/tools/bin/../lib/gcc/arm-none-eabi/11.3.1/thumb/v7e-m+fp/hard/crtbegin.o
LOAD C:/ST/STM32CubeIDE_1.14.0/STM32CubeIDE/plugins/com.st.stm32cube.ide.mcu.externaltools.gnu-tools-for-stm32.11.3.rel1.win32_1.1.100.202309141235/tools/bin/../lib/gcc/arm-none-eabi/11.3.1/../../../../arm-none-eabi/lib/thumb/v7e-m+fp/hard/crt0.o
LOAD ./Core/Src/BME280.o
LOAD ./Core/Src/Functions.o
LOAD ./Core/Src/MPU6050.o
LOAD ./Core/Src/main.o
LOAD ./Core/Src/stm32f4xx_hal_msp.o
LOAD ./Core/Src/stm32f4xx_it.o
LOAD ./Core/Src/syscalls.o
LOAD ./Core/Src/sysmem.o
LOAD ./Core/Src/system_stm32f4xx.o
LOAD ./Core/Startup/startup_stm32f401cdux.o
LOAD ./Drivers/STM32F4xx_HAL_Driver/Src/stm32f4xx_hal.o
LOAD ./Drivers/STM32F4xx_HAL_Driver/Src/stm32f4xx_hal_cortex.o
LOAD ./Drivers/STM32F4xx_HAL_Driver/Src/stm32f4xx_hal_dma.o
LOAD ./Drivers/STM32F4xx_HAL_Driver/Src/stm32f4xx_hal_dma_ex.o
LOAD ./Drivers/STM32F4xx_HAL_Driver/Src/stm32f4xx_hal_exti.o
LOAD ./Drivers/STM32F4xx_HAL_Driver/Src/stm32f4xx_hal_flash.o
LOAD ./Drivers/STM32F4xx_HAL_Driver/Src/stm32f4xx_hal_flash_ex.o
LOAD ./Drivers/STM32F4xx_HAL_Driver/Src/stm32f4xx_hal_flash_ramfunc.o
LOAD ./Drivers/STM32F4xx_HAL_Driver/Src/stm32f4xx_hal_gpio.o
LOAD ./Drivers/STM32F4xx_HAL_Driver/Src/stm32f4xx_hal_i2c.o
LOAD ./Drivers/STM32F4xx_HAL_Driver/Src/stm32f4xx_hal_i2c_ex.o
LOAD ./Drivers/STM32F4xx_HAL_Driver/Src/stm32f4xx_hal_pwr.o
LOAD ./Drivers/STM32F4xx_HAL_Driver/Src/stm32f4xx_hal_pwr_ex.o
LOAD ./Drivers/STM32F4xx_HAL_Driver/Src/stm32f4xx_hal_rcc.o
LOAD ./Drivers/STM32F4xx_HAL_Driver/Src/stm32f4xx_hal_rcc_ex.o
LOAD ./Drivers/STM32F4xx_HAL_Driver/Src/stm32f4xx_hal_tim.o
LOAD ./Drivers/STM32F4xx_HAL_Driver/Src/stm32f4xx_hal_tim_ex.o
START GROUP
LOAD C:/ST/STM32CubeIDE_1.14.0/STM32CubeIDE/plugins/com.st.stm32cube.ide.mcu.externaltools.gnu-tools-for-stm32.11.3.rel1.win32_1.1.100.202309141235/tools/bin/../lib/gcc/arm-none-eabi/11.3.1/../../../../arm-none-eabi/lib/thumb/v7e-m+fp/hard\libc_nano.a
LOAD C:/ST/STM32CubeIDE_1.14.0/STM32CubeIDE/plugins/com.st.stm32cube.ide.mcu.externaltools.gnu-tools-for-stm32.11.3.rel1.win32_1.1.100.202309141235/tools/bin/../lib/gcc/arm-none-eabi/11.3.1/../../../../arm-none-eabi/lib/thumb/v7e-m+fp/hard\libm.a
END GROUP
START GROUP
LOAD C:/ST/STM32CubeIDE_1.14.0/STM32CubeIDE/plugins/com.st.stm32cube.ide.mcu.externaltools.gnu-tools-for-stm32.11.3.rel1.win32_1.1.100.202309141235/tools/bin/../lib/gcc/arm-none-eabi/11.3.1/thumb/v7e-m+fp/hard\libgcc.a
LOAD C:/ST/STM32CubeIDE_1.14.0/STM32CubeIDE/plugins/com.st.stm32cube.ide.mcu.externaltools.gnu-tools-for-stm32.11.3.rel1.win32_1.1.100.202309141235/tools/bin/../lib/gcc/arm-none-eabi/11.3.1/../../../../arm-none-eabi/lib/thumb/v7e-m+fp/hard\libc_nano.a
END GROUP
START GROUP
LOAD C:/ST/STM32CubeIDE_1.14.0/STM32CubeIDE/plugins/com.st.stm32cube.ide.mcu.externaltools.gnu-tools-for-stm32.11.3.rel1.win32_1.1.100.202309141235/tools/bin/../lib/gcc/arm-none-eabi/11.3.1/thumb/v7e-m+fp/hard\libgcc.a
LOAD C:/ST/STM32CubeIDE_1.14.0/STM32CubeIDE/plugins/com.st.stm32cube.ide.mcu.externaltools.gnu-tools-for-stm32.11.3.rel1.win32_1.1.100.202309141235/tools/bin/../lib/gcc/arm-none-eabi/11.3.1/../../../../arm-none-eabi/lib/thumb/v7e-m+fp/hard\libc_nano.a
LOAD C:/ST/STM32CubeIDE_1.14.0/STM32CubeIDE/plugins/com.st.stm32cube.ide.mcu.externaltools.gnu-tools-for-stm32.11.3.rel1.win32_1.1.100.202309141235/tools/bin/../lib/gcc/arm-none-eabi/11.3.1/../../../../arm-none-eabi/lib/thumb/v7e-m+fp/hard\libnosys.a
END GROUP
START GROUP
LOAD C:/ST/STM32CubeIDE_1.14.0/STM32CubeIDE/plugins/com.st.stm32cube.ide.mcu.externaltools.gnu-tools-for-stm32.11.3.rel1.win32_1.1.100.202309141235/tools/bin/../lib/gcc/arm-none-eabi/11.3.1/thumb/v7e-m+fp/hard\libgcc.a
LOAD C:/ST/STM32CubeIDE_1.14.0/STM32CubeIDE/plugins/com.st.stm32cube.ide.mcu.externaltools.gnu-tools-for-stm32.11.3.rel1.win32_1.1.100.202309141235/tools/bin/../lib/gcc/arm-none-eabi/11.3.1/../../../../arm-none-eabi/lib/thumb/v7e-m+fp/hard\libc_nano.a
LOAD C:/ST/STM32CubeIDE_1.14.0/STM32CubeIDE/plugins/com.st.stm32cube.ide.mcu.externaltools.gnu-tools-for-stm32.11.3.rel1.win32_1.1.100.202309141235/tools/bin/../lib/gcc/arm-none-eabi/11.3.1/../../../../arm-none-eabi/lib/thumb/v7e-m+fp/hard\libnosys.a
END GROUP
LOAD C:/ST/STM32CubeIDE_1.14.0/STM32CubeIDE/plugins/com.st.stm32cube.ide.mcu.externaltools.gnu-tools-for-stm32.11.3.rel1.win32_1.1.100.202309141235/tools/bin/../lib/gcc/arm-none-eabi/11.3.1/thumb/v7e-m+fp/hard/crtend.o
LOAD C:/ST/STM32CubeIDE_1.14.0/STM32CubeIDE/plugins/com.st.stm32cube.ide.mcu.externaltools.gnu-tools-for-stm32.11.3.rel1.win32_1.1.100.202309141235/tools/bin/../lib/gcc/arm-none-eabi/11.3.1/thumb/v7e-m+fp/hard/crtn.o
                0x0000000020018000                _estack = (ORIGIN (RAM) + LENGTH (RAM))
                0x0000000000000200                _Min_Heap_Size = 0x200
                0x0000000000000400                _Min_Stack_Size = 0x400

.isr_vector     0x0000000008000000      0x194
                0x0000000008000000                . = ALIGN (0x4)
 *(.isr_vector)
 .isr_vector    0x0000000008000000      0x194 ./Core/Startup/startup_stm32f401cdux.o
                0x0000000008000000                g_pfnVectors
                0x0000000008000194                . = ALIGN (0x4)

.text           0x0000000008000198     0x4454
                0x0000000008000198                . = ALIGN (0x4)
 *(.text)
 .text          0x0000000008000198       0x40 C:/ST/STM32CubeIDE_1.14.0/STM32CubeIDE/plugins/com.st.stm32cube.ide.mcu.externaltools.gnu-tools-for-stm32.11.3.rel1.win32_1.1.100.202309141235/tools/bin/../lib/gcc/arm-none-eabi/11.3.1/thumb/v7e-m+fp/hard/crtbegin.o
 .text          0x00000000080001d8      0x378 C:/ST/STM32CubeIDE_1.14.0/STM32CubeIDE/plugins/com.st.stm32cube.ide.mcu.externaltools.gnu-tools-for-stm32.11.3.rel1.win32_1.1.100.202309141235/tools/bin/../lib/gcc/arm-none-eabi/11.3.1/thumb/v7e-m+fp/hard\libgcc.a(_arm_addsubdf3.o)
                0x00000000080001d8                __aeabi_drsub
                0x00000000080001e0                __aeabi_dsub
                0x00000000080001e0                __subdf3
                0x00000000080001e4                __aeabi_dadd
                0x00000000080001e4                __adddf3
                0x000000000800045c                __floatunsidf
                0x000000000800045c                __aeabi_ui2d
                0x000000000800047c                __floatsidf
                0x000000000800047c                __aeabi_i2d
                0x00000000080004a0                __aeabi_f2d
                0x00000000080004a0                __extendsfdf2
                0x00000000080004e4                __floatundidf
                0x00000000080004e4                __aeabi_ul2d
                0x00000000080004f4                __floatdidf
                0x00000000080004f4                __aeabi_l2d
 .text          0x0000000008000550      0x424 C:/ST/STM32CubeIDE_1.14.0/STM32CubeIDE/plugins/com.st.stm32cube.ide.mcu.externaltools.gnu-tools-for-stm32.11.3.rel1.win32_1.1.100.202309141235/tools/bin/../lib/gcc/arm-none-eabi/11.3.1/thumb/v7e-m+fp/hard\libgcc.a(_arm_muldivdf3.o)
                0x0000000008000550                __aeabi_dmul
                0x0000000008000550                __muldf3
                0x00000000080007a4                __divdf3
                0x00000000080007a4                __aeabi_ddiv
 .text          0x0000000008000974      0x110 C:/ST/STM32CubeIDE_1.14.0/STM32CubeIDE/plugins/com.st.stm32cube.ide.mcu.externaltools.gnu-tools-for-stm32.11.3.rel1.win32_1.1.100.202309141235/tools/bin/../lib/gcc/arm-none-eabi/11.3.1/thumb/v7e-m+fp/hard\libgcc.a(_arm_cmpdf2.o)
                0x0000000008000974                __gtdf2
                0x0000000008000974                __gedf2
                0x000000000800097c                __ltdf2
                0x000000000800097c                __ledf2
                0x0000000008000984                __nedf2
                0x0000000008000984                __eqdf2
                0x0000000008000984                __cmpdf2
                0x0000000008000a00                __aeabi_cdrcmple
                0x0000000008000a10                __aeabi_cdcmpeq
                0x0000000008000a10                __aeabi_cdcmple
                0x0000000008000a20                __aeabi_dcmpeq
                0x0000000008000a34                __aeabi_dcmplt
                0x0000000008000a48                __aeabi_dcmple
                0x0000000008000a5c                __aeabi_dcmpge
                0x0000000008000a70                __aeabi_dcmpgt
 .text          0x0000000008000a84       0x2c C:/ST/STM32CubeIDE_1.14.0/STM32CubeIDE/plugins/com.st.stm32cube.ide.mcu.externaltools.gnu-tools-for-stm32.11.3.rel1.win32_1.1.100.202309141235/tools/bin/../lib/gcc/arm-none-eabi/11.3.1/thumb/v7e-m+fp/hard\libgcc.a(_arm_unorddf2.o)
                0x0000000008000a84                __unorddf2
                0x0000000008000a84                __aeabi_dcmpun
 .text          0x0000000008000ab0       0xa0 C:/ST/STM32CubeIDE_1.14.0/STM32CubeIDE/plugins/com.st.stm32cube.ide.mcu.externaltools.gnu-tools-for-stm32.11.3.rel1.win32_1.1.100.202309141235/tools/bin/../lib/gcc/arm-none-eabi/11.3.1/thumb/v7e-m+fp/hard\libgcc.a(_arm_truncdfsf2.o)
                0x0000000008000ab0                __truncdfsf2
                0x0000000008000ab0                __aeabi_d2f
 .text          0x0000000008000b50       0x30 C:/ST/STM32CubeIDE_1.14.0/STM32CubeIDE/plugins/com.st.stm32cube.ide.mcu.externaltools.gnu-tools-for-stm32.11.3.rel1.win32_1.1.100.202309141235/tools/bin/../lib/gcc/arm-none-eabi/11.3.1/thumb/v7e-m+fp/hard\libgcc.a(_aeabi_uldivmod.o)
                0x0000000008000b50                __aeabi_uldivmod
 .text          0x0000000008000b80      0x2c8 C:/ST/STM32CubeIDE_1.14.0/STM32CubeIDE/plugins/com.st.stm32cube.ide.mcu.externaltools.gnu-tools-for-stm32.11.3.rel1.win32_1.1.100.202309141235/tools/bin/../lib/gcc/arm-none-eabi/11.3.1/thumb/v7e-m+fp/hard\libgcc.a(_udivmoddi4.o)
                0x0000000008000b80                __udivmoddi4
 .text          0x0000000008000e48        0x4 C:/ST/STM32CubeIDE_1.14.0/STM32CubeIDE/plugins/com.st.stm32cube.ide.mcu.externaltools.gnu-tools-for-stm32.11.3.rel1.win32_1.1.100.202309141235/tools/bin/../lib/gcc/arm-none-eabi/11.3.1/thumb/v7e-m+fp/hard\libgcc.a(_dvmd_tls.o)
                0x0000000008000e48                __aeabi_idiv0
                0x0000000008000e48                __aeabi_ldiv0
 *(.text*)
 *fill*         0x0000000008000e4c        0x4 
 .text.BME280_ReadPressure
                0x0000000008000e50      0x148 ./Core/Src/BME280.o
                0x0000000008000e50                BME280_ReadPressure
 .text.initKalmanFilterAccel
                0x0000000008000f98       0x24 ./Core/Src/Functions.o
                0x0000000008000f98                initKalmanFilterAccel
 .text.initKalmanFilterGyro
                0x0000000008000fbc       0x24 ./Core/Src/Functions.o
                0x0000000008000fbc                initKalmanFilterGyro
 .text.KalmanFilterUpdateAccel
                0x0000000008000fe0       0xa8 ./Core/Src/Functions.o
                0x0000000008000fe0                KalmanFilterUpdateAccel
 .text.KalmanFilterUpdateGyro
                0x0000000008001088       0xa8 ./Core/Src/Functions.o
                0x0000000008001088                KalmanFilterUpdateGyro
 .text.MPU6050_Init
                0x0000000008001130       0x78 ./Core/Src/MPU6050.o
                0x0000000008001130                MPU6050_Init
 .text.MPU6050_Read_Accel
                0x00000000080011a8      0x1e8 ./Core/Src/MPU6050.o
                0x00000000080011a8                MPU6050_Read_Accel
 .text.MPU6050_Read_Gyro
                0x0000000008001390      0x1f0 ./Core/Src/MPU6050.o
                0x0000000008001390                MPU6050_Read_Gyro
 .text.main     0x0000000008001580       0x2a ./Core/Src/main.o
                0x0000000008001580                main
 *fill*         0x00000000080015aa        0x2 
 .text.SystemClock_Config
                0x00000000080015ac       0xc0 ./Core/Src/main.o
                0x00000000080015ac                SystemClock_Config
 .text.MX_I2C1_Init
                0x000000000800166c       0x5c ./Core/Src/main.o
 .text.MX_I2C2_Init
                0x00000000080016c8       0x5c ./Core/Src/main.o
 .text.MX_GPIO_Init
                0x0000000008001724       0x34 ./Core/Src/main.o
 .text.Error_Handler
                0x0000000008001758        0xa ./Core/Src/main.o
                0x0000000008001758                Error_Handler
 *fill*         0x0000000008001762        0x2 
 .text.HAL_MspInit
                0x0000000008001764       0x50 ./Core/Src/stm32f4xx_hal_msp.o
                0x0000000008001764                HAL_MspInit
 .text.HAL_I2C_MspInit
                0x00000000080017b4      0x118 ./Core/Src/stm32f4xx_hal_msp.o
                0x00000000080017b4                HAL_I2C_MspInit
 .text.NMI_Handler
                0x00000000080018cc        0x6 ./Core/Src/stm32f4xx_it.o
                0x00000000080018cc                NMI_Handler
 .text.HardFault_Handler
                0x00000000080018d2        0x6 ./Core/Src/stm32f4xx_it.o
                0x00000000080018d2                HardFault_Handler
 .text.MemManage_Handler
                0x00000000080018d8        0x6 ./Core/Src/stm32f4xx_it.o
                0x00000000080018d8                MemManage_Handler
 .text.BusFault_Handler
                0x00000000080018de        0x6 ./Core/Src/stm32f4xx_it.o
                0x00000000080018de                BusFault_Handler
 .text.UsageFault_Handler
                0x00000000080018e4        0x6 ./Core/Src/stm32f4xx_it.o
                0x00000000080018e4                UsageFault_Handler
 .text.SVC_Handler
                0x00000000080018ea        0xe ./Core/Src/stm32f4xx_it.o
                0x00000000080018ea                SVC_Handler
 .text.DebugMon_Handler
                0x00000000080018f8        0xe ./Core/Src/stm32f4xx_it.o
                0x00000000080018f8                DebugMon_Handler
 .text.PendSV_Handler
                0x0000000008001906        0xe ./Core/Src/stm32f4xx_it.o
                0x0000000008001906                PendSV_Handler
 .text.SysTick_Handler
                0x0000000008001914        0xc ./Core/Src/stm32f4xx_it.o
                0x0000000008001914                SysTick_Handler
 .text.SystemInit
                0x0000000008001920       0x24 ./Core/Src/system_stm32f4xx.o
                0x0000000008001920                SystemInit
 .text.Reset_Handler
                0x0000000008001944       0x50 ./Core/Startup/startup_stm32f401cdux.o
                0x0000000008001944                Reset_Handler
 .text.Default_Handler
                0x0000000008001994        0x2 ./Core/Startup/startup_stm32f401cdux.o
                0x0000000008001994                RTC_Alarm_IRQHandler
                0x0000000008001994                EXTI2_IRQHandler
                0x0000000008001994                SPI4_IRQHandler
                0x0000000008001994                TIM1_CC_IRQHandler
                0x0000000008001994                DMA2_Stream5_IRQHandler
                0x0000000008001994                DMA1_Stream5_IRQHandler
                0x0000000008001994                PVD_IRQHandler
                0x0000000008001994                SDIO_IRQHandler
                0x0000000008001994                TAMP_STAMP_IRQHandler
                0x0000000008001994                EXTI3_IRQHandler
                0x0000000008001994                TIM1_UP_TIM10_IRQHandler
                0x0000000008001994                I2C3_ER_IRQHandler
                0x0000000008001994                EXTI0_IRQHandler
                0x0000000008001994                I2C2_EV_IRQHandler
                0x0000000008001994                DMA1_Stream2_IRQHandler
                0x0000000008001994                FPU_IRQHandler
                0x0000000008001994                DMA2_Stream2_IRQHandler
                0x0000000008001994                SPI1_IRQHandler
                0x0000000008001994                TIM1_BRK_TIM9_IRQHandler
                0x0000000008001994                DMA2_Stream3_IRQHandler
                0x0000000008001994                USART6_IRQHandler
                0x0000000008001994                DMA2_Stream0_IRQHandler
                0x0000000008001994                TIM4_IRQHandler
                0x0000000008001994                I2C1_EV_IRQHandler
                0x0000000008001994                DMA1_Stream6_IRQHandler
                0x0000000008001994                DMA1_Stream1_IRQHandler
                0x0000000008001994                TIM3_IRQHandler
                0x0000000008001994                RCC_IRQHandler
                0x0000000008001994                Default_Handler
                0x0000000008001994                EXTI15_10_IRQHandler
                0x0000000008001994                ADC_IRQHandler
                0x0000000008001994                DMA1_Stream7_IRQHandler
                0x0000000008001994                TIM5_IRQHandler
                0x0000000008001994                DMA2_Stream7_IRQHandler
                0x0000000008001994                I2C3_EV_IRQHandler
                0x0000000008001994                EXTI9_5_IRQHandler
                0x0000000008001994                RTC_WKUP_IRQHandler
                0x0000000008001994                SPI2_IRQHandler
                0x0000000008001994                DMA1_Stream0_IRQHandler
                0x0000000008001994                EXTI4_IRQHandler
                0x0000000008001994                WWDG_IRQHandler
                0x0000000008001994                TIM2_IRQHandler
                0x0000000008001994                OTG_FS_WKUP_IRQHandler
                0x0000000008001994                TIM1_TRG_COM_TIM11_IRQHandler
                0x0000000008001994                EXTI1_IRQHandler
                0x0000000008001994                USART2_IRQHandler
                0x0000000008001994                I2C2_ER_IRQHandler
                0x0000000008001994                DMA2_Stream1_IRQHandler
                0x0000000008001994                FLASH_IRQHandler
                0x0000000008001994                DMA2_Stream4_IRQHandler
                0x0000000008001994                USART1_IRQHandler
                0x0000000008001994                OTG_FS_IRQHandler
                0x0000000008001994                SPI3_IRQHandler
                0x0000000008001994                DMA1_Stream4_IRQHandler
                0x0000000008001994                I2C1_ER_IRQHandler
                0x0000000008001994                DMA2_Stream6_IRQHandler
                0x0000000008001994                DMA1_Stream3_IRQHandler
 *fill*         0x0000000008001996        0x2 
 .text.HAL_Init
                0x0000000008001998       0x44 ./Drivers/STM32F4xx_HAL_Driver/Src/stm32f4xx_hal.o
                0x0000000008001998                HAL_Init
 .text.HAL_InitTick
                0x00000000080019dc       0x60 ./Drivers/STM32F4xx_HAL_Driver/Src/stm32f4xx_hal.o
                0x00000000080019dc                HAL_InitTick
 .text.HAL_IncTick
                0x0000000008001a3c       0x28 ./Drivers/STM32F4xx_HAL_Driver/Src/stm32f4xx_hal.o
                0x0000000008001a3c                HAL_IncTick
 .text.HAL_GetTick
                0x0000000008001a64       0x18 ./Drivers/STM32F4xx_HAL_Driver/Src/stm32f4xx_hal.o
                0x0000000008001a64                HAL_GetTick
 .text.HAL_Delay
                0x0000000008001a7c       0x48 ./Drivers/STM32F4xx_HAL_Driver/Src/stm32f4xx_hal.o
                0x0000000008001a7c                HAL_Delay
 .text.__NVIC_SetPriorityGrouping
                0x0000000008001ac4       0x48 ./Drivers/STM32F4xx_HAL_Driver/Src/stm32f4xx_hal_cortex.o
 .text.__NVIC_GetPriorityGrouping
                0x0000000008001b0c       0x1c ./Drivers/STM32F4xx_HAL_Driver/Src/stm32f4xx_hal_cortex.o
 .text.__NVIC_SetPriority
                0x0000000008001b28       0x54 ./Drivers/STM32F4xx_HAL_Driver/Src/stm32f4xx_hal_cortex.o
 .text.NVIC_EncodePriority
                0x0000000008001b7c       0x66 ./Drivers/STM32F4xx_HAL_Driver/Src/stm32f4xx_hal_cortex.o
 *fill*         0x0000000008001be2        0x2 
 .text.SysTick_Config
                0x0000000008001be4       0x44 ./Drivers/STM32F4xx_HAL_Driver/Src/stm32f4xx_hal_cortex.o
 .text.HAL_NVIC_SetPriorityGrouping
                0x0000000008001c28       0x16 ./Drivers/STM32F4xx_HAL_Driver/Src/stm32f4xx_hal_cortex.o
                0x0000000008001c28                HAL_NVIC_SetPriorityGrouping
 .text.HAL_NVIC_SetPriority
                0x0000000008001c3e       0x38 ./Drivers/STM32F4xx_HAL_Driver/Src/stm32f4xx_hal_cortex.o
                0x0000000008001c3e                HAL_NVIC_SetPriority
 .text.HAL_SYSTICK_Config
                0x0000000008001c76       0x18 ./Drivers/STM32F4xx_HAL_Driver/Src/stm32f4xx_hal_cortex.o
                0x0000000008001c76                HAL_SYSTICK_Config
 *fill*         0x0000000008001c8e        0x2 
 .text.HAL_GPIO_Init
                0x0000000008001c90      0x308 ./Drivers/STM32F4xx_HAL_Driver/Src/stm32f4xx_hal_gpio.o
                0x0000000008001c90                HAL_GPIO_Init
 .text.HAL_I2C_Init
                0x0000000008001f98      0x288 ./Drivers/STM32F4xx_HAL_Driver/Src/stm32f4xx_hal_i2c.o
                0x0000000008001f98                HAL_I2C_Init
 .text.HAL_I2C_Master_Transmit
                0x0000000008002220      0x1fc ./Drivers/STM32F4xx_HAL_Driver/Src/stm32f4xx_hal_i2c.o
                0x0000000008002220                HAL_I2C_Master_Transmit
 .text.HAL_I2C_Master_Receive
                0x000000000800241c      0x464 ./Drivers/STM32F4xx_HAL_Driver/Src/stm32f4xx_hal_i2c.o
                0x000000000800241c                HAL_I2C_Master_Receive
 .text.HAL_I2C_Mem_Write
                0x0000000008002880      0x1f4 ./Drivers/STM32F4xx_HAL_Driver/Src/stm32f4xx_hal_i2c.o
                0x0000000008002880                HAL_I2C_Mem_Write
 .text.HAL_I2C_Mem_Read
                0x0000000008002a74      0x464 ./Drivers/STM32F4xx_HAL_Driver/Src/stm32f4xx_hal_i2c.o
                0x0000000008002a74                HAL_I2C_Mem_Read
 .text.I2C_MasterRequestWrite
                0x0000000008002ed8      0x104 ./Drivers/STM32F4xx_HAL_Driver/Src/stm32f4xx_hal_i2c.o
 .text.I2C_MasterRequestRead
                0x0000000008002fdc      0x19c ./Drivers/STM32F4xx_HAL_Driver/Src/stm32f4xx_hal_i2c.o
 .text.I2C_RequestMemoryWrite
                0x0000000008003178      0x12c ./Drivers/STM32F4xx_HAL_Driver/Src/stm32f4xx_hal_i2c.o
 .text.I2C_RequestMemoryRead
                0x00000000080032a4      0x1d0 ./Drivers/STM32F4xx_HAL_Driver/Src/stm32f4xx_hal_i2c.o
 .text.I2C_WaitOnFlagUntilTimeout
                0x0000000008003474       0xf4 ./Drivers/STM32F4xx_HAL_Driver/Src/stm32f4xx_hal_i2c.o
 .text.I2C_WaitOnMasterAddressFlagUntilTimeout
                0x0000000008003568      0x140 ./Drivers/STM32F4xx_HAL_Driver/Src/stm32f4xx_hal_i2c.o
 .text.I2C_WaitOnTXEFlagUntilTimeout
                0x00000000080036a8       0x90 ./Drivers/STM32F4xx_HAL_Driver/Src/stm32f4xx_hal_i2c.o
 .text.I2C_WaitOnBTFFlagUntilTimeout
                0x0000000008003738       0x90 ./Drivers/STM32F4xx_HAL_Driver/Src/stm32f4xx_hal_i2c.o
 .text.I2C_WaitOnRXNEFlagUntilTimeout
                0x00000000080037c8       0xba ./Drivers/STM32F4xx_HAL_Driver/Src/stm32f4xx_hal_i2c.o
 .text.I2C_IsAcknowledgeFailed
                0x0000000008003882       0x5e ./Drivers/STM32F4xx_HAL_Driver/Src/stm32f4xx_hal_i2c.o
 .text.HAL_RCC_OscConfig
                0x00000000080038e0      0x4f0 ./Drivers/STM32F4xx_HAL_Driver/Src/stm32f4xx_hal_rcc.o
                0x00000000080038e0                HAL_RCC_OscConfig
 .text.HAL_RCC_ClockConfig
                0x0000000008003dd0      0x1cc ./Drivers/STM32F4xx_HAL_Driver/Src/stm32f4xx_hal_rcc.o
                0x0000000008003dd0                HAL_RCC_ClockConfig
 .text.HAL_RCC_GetSysClockFreq
                0x0000000008003f9c      0x18c ./Drivers/STM32F4xx_HAL_Driver/Src/stm32f4xx_hal_rcc.o
                0x0000000008003f9c                HAL_RCC_GetSysClockFreq
 .text.HAL_RCC_GetHCLKFreq
                0x0000000008004128       0x18 ./Drivers/STM32F4xx_HAL_Driver/Src/stm32f4xx_hal_rcc.o
                0x0000000008004128                HAL_RCC_GetHCLKFreq
 .text.HAL_RCC_GetPCLK1Freq
                0x0000000008004140       0x28 ./Drivers/STM32F4xx_HAL_Driver/Src/stm32f4xx_hal_rcc.o
                0x0000000008004140                HAL_RCC_GetPCLK1Freq
 .text.memset   0x0000000008004168       0x10 C:/ST/STM32CubeIDE_1.14.0/STM32CubeIDE/plugins/com.st.stm32cube.ide.mcu.externaltools.gnu-tools-for-stm32.11.3.rel1.win32_1.1.100.202309141235/tools/bin/../lib/gcc/arm-none-eabi/11.3.1/../../../../arm-none-eabi/lib/thumb/v7e-m+fp/hard\libc_nano.a(libc_a-memset.o)
                0x0000000008004168                memset
 .text.__errno  0x0000000008004178        0xc C:/ST/STM32CubeIDE_1.14.0/STM32CubeIDE/plugins/com.st.stm32cube.ide.mcu.externaltools.gnu-tools-for-stm32.11.3.rel1.win32_1.1.100.202309141235/tools/bin/../lib/gcc/arm-none-eabi/11.3.1/../../../../arm-none-eabi/lib/thumb/v7e-m+fp/hard\libc_nano.a(libc_a-errno.o)
                0x0000000008004178                __errno
 .text.__libc_init_array
                0x0000000008004184       0x48 C:/ST/STM32CubeIDE_1.14.0/STM32CubeIDE/plugins/com.st.stm32cube.ide.mcu.externaltools.gnu-tools-for-stm32.11.3.rel1.win32_1.1.100.202309141235/tools/bin/../lib/gcc/arm-none-eabi/11.3.1/../../../../arm-none-eabi/lib/thumb/v7e-m+fp/hard\libc_nano.a(libc_a-init.o)
                0x0000000008004184                __libc_init_array
 *fill*         0x00000000080041cc        0x4 
 .text.log      0x00000000080041d0       0x7c C:/ST/STM32CubeIDE_1.14.0/STM32CubeIDE/plugins/com.st.stm32cube.ide.mcu.externaltools.gnu-tools-for-stm32.11.3.rel1.win32_1.1.100.202309141235/tools/bin/../lib/gcc/arm-none-eabi/11.3.1/../../../../arm-none-eabi/lib/thumb/v7e-m+fp/hard\libm.a(libm_a-w_log.o)
                0x00000000080041d0                log
 *fill*         0x000000000800424c        0x4 
 .text.nan      0x0000000008004250       0x10 C:/ST/STM32CubeIDE_1.14.0/STM32CubeIDE/plugins/com.st.stm32cube.ide.mcu.externaltools.gnu-tools-for-stm32.11.3.rel1.win32_1.1.100.202309141235/tools/bin/../lib/gcc/arm-none-eabi/11.3.1/../../../../arm-none-eabi/lib/thumb/v7e-m+fp/hard\libm.a(libm_a-s_nan.o)
                0x0000000008004250                nan
 .text.__ieee754_log
                0x0000000008004260      0x374 C:/ST/STM32CubeIDE_1.14.0/STM32CubeIDE/plugins/com.st.stm32cube.ide.mcu.externaltools.gnu-tools-for-stm32.11.3.rel1.win32_1.1.100.202309141235/tools/bin/../lib/gcc/arm-none-eabi/11.3.1/../../../../arm-none-eabi/lib/thumb/v7e-m+fp/hard\libm.a(libm_a-e_log.o)
                0x0000000008004260                __ieee754_log
 *(.glue_7)
 .glue_7        0x00000000080045d4        0x0 linker stubs
 *(.glue_7t)
 .glue_7t       0x00000000080045d4        0x0 linker stubs
 *(.eh_frame)
 .eh_frame      0x00000000080045d4        0x0 C:/ST/STM32CubeIDE_1.14.0/STM32CubeIDE/plugins/com.st.stm32cube.ide.mcu.externaltools.gnu-tools-for-stm32.11.3.rel1.win32_1.1.100.202309141235/tools/bin/../lib/gcc/arm-none-eabi/11.3.1/thumb/v7e-m+fp/hard/crtbegin.o
 *(.init)
 .init          0x00000000080045d4        0x4 C:/ST/STM32CubeIDE_1.14.0/STM32CubeIDE/plugins/com.st.stm32cube.ide.mcu.externaltools.gnu-tools-for-stm32.11.3.rel1.win32_1.1.100.202309141235/tools/bin/../lib/gcc/arm-none-eabi/11.3.1/thumb/v7e-m+fp/hard/crti.o
                0x00000000080045d4                _init
 .init          0x00000000080045d8        0x8 C:/ST/STM32CubeIDE_1.14.0/STM32CubeIDE/plugins/com.st.stm32cube.ide.mcu.externaltools.gnu-tools-for-stm32.11.3.rel1.win32_1.1.100.202309141235/tools/bin/../lib/gcc/arm-none-eabi/11.3.1/thumb/v7e-m+fp/hard/crtn.o
 *(.fini)
 .fini          0x00000000080045e0        0x4 C:/ST/STM32CubeIDE_1.14.0/STM32CubeIDE/plugins/com.st.stm32cube.ide.mcu.externaltools.gnu-tools-for-stm32.11.3.rel1.win32_1.1.100.202309141235/tools/bin/../lib/gcc/arm-none-eabi/11.3.1/thumb/v7e-m+fp/hard/crti.o
                0x00000000080045e0                _fini
 .fini          0x00000000080045e4        0x8 C:/ST/STM32CubeIDE_1.14.0/STM32CubeIDE/plugins/com.st.stm32cube.ide.mcu.externaltools.gnu-tools-for-stm32.11.3.rel1.win32_1.1.100.202309141235/tools/bin/../lib/gcc/arm-none-eabi/11.3.1/thumb/v7e-m+fp/hard/crtn.o
                0x00000000080045ec                . = ALIGN (0x4)
                0x00000000080045ec                _etext = .

.vfp11_veneer   0x00000000080045ec        0x0
 .vfp11_veneer  0x00000000080045ec        0x0 linker stubs

.v4_bx          0x00000000080045ec        0x0
 .v4_bx         0x00000000080045ec        0x0 linker stubs

.iplt           0x00000000080045ec        0x0
 .iplt          0x00000000080045ec        0x0 C:/ST/STM32CubeIDE_1.14.0/STM32CubeIDE/plugins/com.st.stm32cube.ide.mcu.externaltools.gnu-tools-for-stm32.11.3.rel1.win32_1.1.100.202309141235/tools/bin/../lib/gcc/arm-none-eabi/11.3.1/thumb/v7e-m+fp/hard/crtbegin.o

.rodata         0x00000000080045ec       0x1c
                0x00000000080045ec                . = ALIGN (0x4)
 *(.rodata)
 *(.rodata*)
 .rodata.AHBPrescTable
                0x00000000080045ec       0x10 ./Core/Src/system_stm32f4xx.o
                0x00000000080045ec                AHBPrescTable
 .rodata.APBPrescTable
                0x00000000080045fc        0x8 ./Core/Src/system_stm32f4xx.o
                0x00000000080045fc                APBPrescTable
 .rodata.log.str1.1
                0x0000000008004604        0x1 C:/ST/STM32CubeIDE_1.14.0/STM32CubeIDE/plugins/com.st.stm32cube.ide.mcu.externaltools.gnu-tools-for-stm32.11.3.rel1.win32_1.1.100.202309141235/tools/bin/../lib/gcc/arm-none-eabi/11.3.1/../../../../arm-none-eabi/lib/thumb/v7e-m+fp/hard\libm.a(libm_a-w_log.o)
                0x0000000008004608                . = ALIGN (0x4)
 *fill*         0x0000000008004605        0x3 

.ARM.extab      0x0000000008004608        0x0
                0x0000000008004608                . = ALIGN (0x4)
 *(.ARM.extab* .gnu.linkonce.armextab.*)
                0x0000000008004608                . = ALIGN (0x4)

.ARM            0x0000000008004608        0x8
                0x0000000008004608                . = ALIGN (0x4)
                0x0000000008004608                __exidx_start = .
 *(.ARM.exidx*)
 .ARM.exidx     0x0000000008004608        0x8 C:/ST/STM32CubeIDE_1.14.0/STM32CubeIDE/plugins/com.st.stm32cube.ide.mcu.externaltools.gnu-tools-for-stm32.11.3.rel1.win32_1.1.100.202309141235/tools/bin/../lib/gcc/arm-none-eabi/11.3.1/thumb/v7e-m+fp/hard\libgcc.a(_udivmoddi4.o)
                0x0000000008004610                __exidx_end = .
                0x0000000008004610                . = ALIGN (0x4)

.rel.dyn        0x0000000008004610        0x0
 .rel.iplt      0x0000000008004610        0x0 C:/ST/STM32CubeIDE_1.14.0/STM32CubeIDE/plugins/com.st.stm32cube.ide.mcu.externaltools.gnu-tools-for-stm32.11.3.rel1.win32_1.1.100.202309141235/tools/bin/../lib/gcc/arm-none-eabi/11.3.1/thumb/v7e-m+fp/hard/crtbegin.o

.preinit_array  0x0000000008004610        0x0
                0x0000000008004610                . = ALIGN (0x4)
                0x0000000008004610                PROVIDE (__preinit_array_start = .)
 *(.preinit_array*)
                0x0000000008004610                PROVIDE (__preinit_array_end = .)
                0x0000000008004610                . = ALIGN (0x4)

.init_array     0x0000000008004610        0x4
                0x0000000008004610                . = ALIGN (0x4)
                0x0000000008004610                PROVIDE (__init_array_start = .)
 *(SORT_BY_NAME(.init_array.*))
 *(.init_array*)
 .init_array    0x0000000008004610        0x4 C:/ST/STM32CubeIDE_1.14.0/STM32CubeIDE/plugins/com.st.stm32cube.ide.mcu.externaltools.gnu-tools-for-stm32.11.3.rel1.win32_1.1.100.202309141235/tools/bin/../lib/gcc/arm-none-eabi/11.3.1/thumb/v7e-m+fp/hard/crtbegin.o
                0x0000000008004614                PROVIDE (__init_array_end = .)
                0x0000000008004614                . = ALIGN (0x4)

.fini_array     0x0000000008004614        0x4
                0x0000000008004614                . = ALIGN (0x4)
                [!provide]                        PROVIDE (__fini_array_start = .)
 *(SORT_BY_NAME(.fini_array.*))
 *(.fini_array*)
 .fini_array    0x0000000008004614        0x4 C:/ST/STM32CubeIDE_1.14.0/STM32CubeIDE/plugins/com.st.stm32cube.ide.mcu.externaltools.gnu-tools-for-stm32.11.3.rel1.win32_1.1.100.202309141235/tools/bin/../lib/gcc/arm-none-eabi/11.3.1/thumb/v7e-m+fp/hard/crtbegin.o
                [!provide]                        PROVIDE (__fini_array_end = .)
                0x0000000008004618                . = ALIGN (0x4)
                0x0000000008004618                _sidata = LOADADDR (.data)

.data           0x0000000020000000       0x5c load address 0x0000000008004618
                0x0000000020000000                . = ALIGN (0x4)
                0x0000000020000000                _sdata = .
 *(.data)
 *(.data*)
 .data.SystemCoreClock
                0x0000000020000000        0x4 ./Core/Src/system_stm32f4xx.o
                0x0000000020000000                SystemCoreClock
 .data.uwTickPrio
                0x0000000020000004        0x4 ./Drivers/STM32F4xx_HAL_Driver/Src/stm32f4xx_hal.o
                0x0000000020000004                uwTickPrio
 .data.uwTickFreq
                0x0000000020000008        0x1 ./Drivers/STM32F4xx_HAL_Driver/Src/stm32f4xx_hal.o
                0x0000000020000008                uwTickFreq
 *fill*         0x0000000020000009        0x3 
 .data._impure_data
                0x000000002000000c       0x4c C:/ST/STM32CubeIDE_1.14.0/STM32CubeIDE/plugins/com.st.stm32cube.ide.mcu.externaltools.gnu-tools-for-stm32.11.3.rel1.win32_1.1.100.202309141235/tools/bin/../lib/gcc/arm-none-eabi/11.3.1/../../../../arm-none-eabi/lib/thumb/v7e-m+fp/hard\libc_nano.a(libc_a-impure.o)
                0x000000002000000c                _impure_data
 .data._impure_ptr
                0x0000000020000058        0x4 C:/ST/STM32CubeIDE_1.14.0/STM32CubeIDE/plugins/com.st.stm32cube.ide.mcu.externaltools.gnu-tools-for-stm32.11.3.rel1.win32_1.1.100.202309141235/tools/bin/../lib/gcc/arm-none-eabi/11.3.1/../../../../arm-none-eabi/lib/thumb/v7e-m+fp/hard\libc_nano.a(libc_a-impure.o)
                0x0000000020000058                _impure_ptr
 *(.RamFunc)
 *(.RamFunc*)
                0x000000002000005c                . = ALIGN (0x4)
                0x000000002000005c                _edata = .

.igot.plt       0x000000002000005c        0x0 load address 0x0000000008004674
 .igot.plt      0x000000002000005c        0x0 C:/ST/STM32CubeIDE_1.14.0/STM32CubeIDE/plugins/com.st.stm32cube.ide.mcu.externaltools.gnu-tools-for-stm32.11.3.rel1.win32_1.1.100.202309141235/tools/bin/../lib/gcc/arm-none-eabi/11.3.1/thumb/v7e-m+fp/hard/crtbegin.o
                0x000000002000005c                . = ALIGN (0x4)

.bss            0x0000000020000060     0x2df0 load address 0x0000000008004674
                0x0000000020000060                _sbss = .
                0x0000000020000060                __bss_start__ = _sbss
 *(.bss)
 .bss           0x0000000020000060       0x1c C:/ST/STM32CubeIDE_1.14.0/STM32CubeIDE/plugins/com.st.stm32cube.ide.mcu.externaltools.gnu-tools-for-stm32.11.3.rel1.win32_1.1.100.202309141235/tools/bin/../lib/gcc/arm-none-eabi/11.3.1/thumb/v7e-m+fp/hard/crtbegin.o
 *(.bss*)
 *fill*         0x000000002000007c        0x4 
 .bss.pressure  0x0000000020000080      0x320 ./Core/Src/BME280.o
                0x0000000020000080                pressure
 .bss.Height    0x00000000200003a0      0x320 ./Core/Src/BME280.o
                0x00000000200003a0                Height
 .bss.Pressure  0x00000000200006c0        0x4 ./Core/Src/BME280.o
                0x00000000200006c0                Pressure
 *fill*         0x00000000200006c4        0x4 
 .bss.Kalman_accel_x
                0x00000000200006c8      0x320 ./Core/Src/MPU6050.o
                0x00000000200006c8                Kalman_accel_x
 .bss.Kalman_accel_y
                0x00000000200009e8      0x320 ./Core/Src/MPU6050.o
                0x00000000200009e8                Kalman_accel_y
 .bss.Kalman_accel_z
                0x0000000020000d08      0x320 ./Core/Src/MPU6050.o
                0x0000000020000d08                Kalman_accel_z
 .bss.Kalman_gyro_x
                0x0000000020001028      0x320 ./Core/Src/MPU6050.o
                0x0000000020001028                Kalman_gyro_x
 .bss.Kalman_gyro_y
                0x0000000020001348      0x320 ./Core/Src/MPU6050.o
                0x0000000020001348                Kalman_gyro_y
 .bss.Kalman_gyro_z
                0x0000000020001668      0x320 ./Core/Src/MPU6050.o
                0x0000000020001668                Kalman_gyro_z
 .bss.arr_accel_x
                0x0000000020001988      0x320 ./Core/Src/MPU6050.o
                0x0000000020001988                arr_accel_x
 .bss.arr_accel_y
                0x0000000020001ca8      0x320 ./Core/Src/MPU6050.o
                0x0000000020001ca8                arr_accel_y
 .bss.arr_accel_z
                0x0000000020001fc8      0x320 ./Core/Src/MPU6050.o
                0x0000000020001fc8                arr_accel_z
 .bss.arr_gyro_x
                0x00000000200022e8      0x320 ./Core/Src/MPU6050.o
                0x00000000200022e8                arr_gyro_x
 .bss.arr_gyro_y
                0x0000000020002608      0x320 ./Core/Src/MPU6050.o
                0x0000000020002608                arr_gyro_y
 .bss.arr_gyro_z
                0x0000000020002928      0x320 ./Core/Src/MPU6050.o
                0x0000000020002928                arr_gyro_z
 .bss.Ax        0x0000000020002c48        0x4 ./Core/Src/MPU6050.o
                0x0000000020002c48                Ax
 .bss.Ay        0x0000000020002c4c        0x4 ./Core/Src/MPU6050.o
                0x0000000020002c4c                Ay
 .bss.Az        0x0000000020002c50        0x4 ./Core/Src/MPU6050.o
                0x0000000020002c50                Az
 .bss.Gx        0x0000000020002c54        0x4 ./Core/Src/MPU6050.o
                0x0000000020002c54                Gx
 .bss.Gy        0x0000000020002c58        0x4 ./Core/Src/MPU6050.o
                0x0000000020002c58                Gy
 .bss.Gz        0x0000000020002c5c        0x4 ./Core/Src/MPU6050.o
                0x0000000020002c5c                Gz
 .bss.Accel_X_RAW
                0x0000000020002c60        0x2 ./Core/Src/MPU6050.o
                0x0000000020002c60                Accel_X_RAW
 .bss.Accel_Y_RAW
                0x0000000020002c62        0x2 ./Core/Src/MPU6050.o
                0x0000000020002c62                Accel_Y_RAW
 .bss.Accel_Z_RAW
                0x0000000020002c64        0x2 ./Core/Src/MPU6050.o
                0x0000000020002c64                Accel_Z_RAW
 .bss.Gyro_X_RAW
                0x0000000020002c66        0x2 ./Core/Src/MPU6050.o
                0x0000000020002c66                Gyro_X_RAW
 .bss.Gyro_Y_RAW
                0x0000000020002c68        0x2 ./Core/Src/MPU6050.o
                0x0000000020002c68                Gyro_Y_RAW
 .bss.Gyro_Z_RAW
                0x0000000020002c6a        0x2 ./Core/Src/MPU6050.o
                0x0000000020002c6a                Gyro_Z_RAW
 .bss.hi2c1     0x0000000020002c6c       0x54 ./Core/Src/main.o
                0x0000000020002c6c                hi2c1
 .bss.hi2c2     0x0000000020002cc0       0x54 ./Core/Src/main.o
                0x0000000020002cc0                hi2c2
 .bss.uwTick    0x0000000020002d14        0x4 ./Drivers/STM32F4xx_HAL_Driver/Src/stm32f4xx_hal.o
                0x0000000020002d14                uwTick
 .bss.__sf      0x0000000020002d18      0x138 C:/ST/STM32CubeIDE_1.14.0/STM32CubeIDE/plugins/com.st.stm32cube.ide.mcu.externaltools.gnu-tools-for-stm32.11.3.rel1.win32_1.1.100.202309141235/tools/bin/../lib/gcc/arm-none-eabi/11.3.1/../../../../arm-none-eabi/lib/thumb/v7e-m+fp/hard\libc_nano.a(libc_a-findfp.o)
                0x0000000020002d18                __sf
 *(COMMON)
                0x0000000020002e50                . = ALIGN (0x4)
                0x0000000020002e50                _ebss = .
                0x0000000020002e50                __bss_end__ = _ebss

._user_heap_stack
                0x0000000020002e50      0x600 load address 0x0000000008004674
                0x0000000020002e50                . = ALIGN (0x8)
                [!provide]                        PROVIDE (end = .)
                0x0000000020002e50                PROVIDE (_end = .)
                0x0000000020003050                . = (. + _Min_Heap_Size)
 *fill*         0x0000000020002e50      0x200 
                0x0000000020003450                . = (. + _Min_Stack_Size)
 *fill*         0x0000000020003050      0x400 
                0x0000000020003450                . = ALIGN (0x8)

/DISCARD/
 libc.a(*)
 libm.a(*)
 libgcc.a(*)

.ARM.attributes
                0x0000000000000000       0x30
 *(.ARM.attributes)
 .ARM.attributes
                0x0000000000000000       0x1e C:/ST/STM32CubeIDE_1.14.0/STM32CubeIDE/plugins/com.st.stm32cube.ide.mcu.externaltools.gnu-tools-for-stm32.11.3.rel1.win32_1.1.100.202309141235/tools/bin/../lib/gcc/arm-none-eabi/11.3.1/thumb/v7e-m+fp/hard/crti.o
 .ARM.attributes
                0x000000000000001e       0x34 C:/ST/STM32CubeIDE_1.14.0/STM32CubeIDE/plugins/com.st.stm32cube.ide.mcu.externaltools.gnu-tools-for-stm32.11.3.rel1.win32_1.1.100.202309141235/tools/bin/../lib/gcc/arm-none-eabi/11.3.1/thumb/v7e-m+fp/hard/crtbegin.o
 .ARM.attributes
                0x0000000000000052       0x34 ./Core/Src/BME280.o
 .ARM.attributes
                0x0000000000000086       0x34 ./Core/Src/Functions.o
 .ARM.attributes
                0x00000000000000ba       0x34 ./Core/Src/MPU6050.o
 .ARM.attributes
                0x00000000000000ee       0x34 ./Core/Src/main.o
 .ARM.attributes
                0x0000000000000122       0x34 ./Core/Src/stm32f4xx_hal_msp.o
 .ARM.attributes
                0x0000000000000156       0x34 ./Core/Src/stm32f4xx_it.o
 .ARM.attributes
                0x000000000000018a       0x34 ./Core/Src/system_stm32f4xx.o
 .ARM.attributes
                0x00000000000001be       0x21 ./Core/Startup/startup_stm32f401cdux.o
 .ARM.attributes
                0x00000000000001df       0x34 ./Drivers/STM32F4xx_HAL_Driver/Src/stm32f4xx_hal.o
 .ARM.attributes
                0x0000000000000213       0x34 ./Drivers/STM32F4xx_HAL_Driver/Src/stm32f4xx_hal_cortex.o
 .ARM.attributes
                0x0000000000000247       0x34 ./Drivers/STM32F4xx_HAL_Driver/Src/stm32f4xx_hal_gpio.o
 .ARM.attributes
                0x000000000000027b       0x34 ./Drivers/STM32F4xx_HAL_Driver/Src/stm32f4xx_hal_i2c.o
 .ARM.attributes
                0x00000000000002af       0x34 ./Drivers/STM32F4xx_HAL_Driver/Src/stm32f4xx_hal_rcc.o
 .ARM.attributes
                0x00000000000002e3       0x34 C:/ST/STM32CubeIDE_1.14.0/STM32CubeIDE/plugins/com.st.stm32cube.ide.mcu.externaltools.gnu-tools-for-stm32.11.3.rel1.win32_1.1.100.202309141235/tools/bin/../lib/gcc/arm-none-eabi/11.3.1/../../../../arm-none-eabi/lib/thumb/v7e-m+fp/hard\libc_nano.a(libc_a-findfp.o)
 .ARM.attributes
                0x0000000000000317       0x34 C:/ST/STM32CubeIDE_1.14.0/STM32CubeIDE/plugins/com.st.stm32cube.ide.mcu.externaltools.gnu-tools-for-stm32.11.3.rel1.win32_1.1.100.202309141235/tools/bin/../lib/gcc/arm-none-eabi/11.3.1/../../../../arm-none-eabi/lib/thumb/v7e-m+fp/hard\libc_nano.a(libc_a-memset.o)
 .ARM.attributes
                0x000000000000034b       0x34 C:/ST/STM32CubeIDE_1.14.0/STM32CubeIDE/plugins/com.st.stm32cube.ide.mcu.externaltools.gnu-tools-for-stm32.11.3.rel1.win32_1.1.100.202309141235/tools/bin/../lib/gcc/arm-none-eabi/11.3.1/../../../../arm-none-eabi/lib/thumb/v7e-m+fp/hard\libc_nano.a(libc_a-impure.o)
 .ARM.attributes
                0x000000000000037f       0x34 C:/ST/STM32CubeIDE_1.14.0/STM32CubeIDE/plugins/com.st.stm32cube.ide.mcu.externaltools.gnu-tools-for-stm32.11.3.rel1.win32_1.1.100.202309141235/tools/bin/../lib/gcc/arm-none-eabi/11.3.1/../../../../arm-none-eabi/lib/thumb/v7e-m+fp/hard\libc_nano.a(libc_a-errno.o)
 .ARM.attributes
                0x00000000000003b3       0x34 C:/ST/STM32CubeIDE_1.14.0/STM32CubeIDE/plugins/com.st.stm32cube.ide.mcu.externaltools.gnu-tools-for-stm32.11.3.rel1.win32_1.1.100.202309141235/tools/bin/../lib/gcc/arm-none-eabi/11.3.1/../../../../arm-none-eabi/lib/thumb/v7e-m+fp/hard\libc_nano.a(libc_a-init.o)
 .ARM.attributes
                0x00000000000003e7       0x34 C:/ST/STM32CubeIDE_1.14.0/STM32CubeIDE/plugins/com.st.stm32cube.ide.mcu.externaltools.gnu-tools-for-stm32.11.3.rel1.win32_1.1.100.202309141235/tools/bin/../lib/gcc/arm-none-eabi/11.3.1/../../../../arm-none-eabi/lib/thumb/v7e-m+fp/hard\libm.a(libm_a-w_log.o)
 .ARM.attributes
                0x000000000000041b       0x34 C:/ST/STM32CubeIDE_1.14.0/STM32CubeIDE/plugins/com.st.stm32cube.ide.mcu.externaltools.gnu-tools-for-stm32.11.3.rel1.win32_1.1.100.202309141235/tools/bin/../lib/gcc/arm-none-eabi/11.3.1/../../../../arm-none-eabi/lib/thumb/v7e-m+fp/hard\libm.a(libm_a-s_nan.o)
 .ARM.attributes
                0x000000000000044f       0x34 C:/ST/STM32CubeIDE_1.14.0/STM32CubeIDE/plugins/com.st.stm32cube.ide.mcu.externaltools.gnu-tools-for-stm32.11.3.rel1.win32_1.1.100.202309141235/tools/bin/../lib/gcc/arm-none-eabi/11.3.1/../../../../arm-none-eabi/lib/thumb/v7e-m+fp/hard\libm.a(libm_a-e_log.o)
 .ARM.attributes
                0x0000000000000483       0x1e C:/ST/STM32CubeIDE_1.14.0/STM32CubeIDE/plugins/com.st.stm32cube.ide.mcu.externaltools.gnu-tools-for-stm32.11.3.rel1.win32_1.1.100.202309141235/tools/bin/../lib/gcc/arm-none-eabi/11.3.1/thumb/v7e-m+fp/hard\libgcc.a(_arm_addsubdf3.o)
 .ARM.attributes
                0x00000000000004a1       0x1e C:/ST/STM32CubeIDE_1.14.0/STM32CubeIDE/plugins/com.st.stm32cube.ide.mcu.externaltools.gnu-tools-for-stm32.11.3.rel1.win32_1.1.100.202309141235/tools/bin/../lib/gcc/arm-none-eabi/11.3.1/thumb/v7e-m+fp/hard\libgcc.a(_arm_muldivdf3.o)
 .ARM.attributes
                0x00000000000004bf       0x1e C:/ST/STM32CubeIDE_1.14.0/STM32CubeIDE/plugins/com.st.stm32cube.ide.mcu.externaltools.gnu-tools-for-stm32.11.3.rel1.win32_1.1.100.202309141235/tools/bin/../lib/gcc/arm-none-eabi/11.3.1/thumb/v7e-m+fp/hard\libgcc.a(_arm_cmpdf2.o)
 .ARM.attributes
                0x00000000000004dd       0x1e C:/ST/STM32CubeIDE_1.14.0/STM32CubeIDE/plugins/com.st.stm32cube.ide.mcu.externaltools.gnu-tools-for-stm32.11.3.rel1.win32_1.1.100.202309141235/tools/bin/../lib/gcc/arm-none-eabi/11.3.1/thumb/v7e-m+fp/hard\libgcc.a(_arm_unorddf2.o)
 .ARM.attributes
                0x00000000000004fb       0x1e C:/ST/STM32CubeIDE_1.14.0/STM32CubeIDE/plugins/com.st.stm32cube.ide.mcu.externaltools.gnu-tools-for-stm32.11.3.rel1.win32_1.1.100.202309141235/tools/bin/../lib/gcc/arm-none-eabi/11.3.1/thumb/v7e-m+fp/hard\libgcc.a(_arm_truncdfsf2.o)
 .ARM.attributes
                0x0000000000000519       0x1e C:/ST/STM32CubeIDE_1.14.0/STM32CubeIDE/plugins/com.st.stm32cube.ide.mcu.externaltools.gnu-tools-for-stm32.11.3.rel1.win32_1.1.100.202309141235/tools/bin/../lib/gcc/arm-none-eabi/11.3.1/thumb/v7e-m+fp/hard\libgcc.a(_aeabi_uldivmod.o)
 .ARM.attributes
                0x0000000000000537       0x34 C:/ST/STM32CubeIDE_1.14.0/STM32CubeIDE/plugins/com.st.stm32cube.ide.mcu.externaltools.gnu-tools-for-stm32.11.3.rel1.win32_1.1.100.202309141235/tools/bin/../lib/gcc/arm-none-eabi/11.3.1/thumb/v7e-m+fp/hard\libgcc.a(_udivmoddi4.o)
 .ARM.attributes
                0x000000000000056b       0x1e C:/ST/STM32CubeIDE_1.14.0/STM32CubeIDE/plugins/com.st.stm32cube.ide.mcu.externaltools.gnu-tools-for-stm32.11.3.rel1.win32_1.1.100.202309141235/tools/bin/../lib/gcc/arm-none-eabi/11.3.1/thumb/v7e-m+fp/hard\libgcc.a(_dvmd_tls.o)
 .ARM.attributes
                0x0000000000000589       0x1e C:/ST/STM32CubeIDE_1.14.0/STM32CubeIDE/plugins/com.st.stm32cube.ide.mcu.externaltools.gnu-tools-for-stm32.11.3.rel1.win32_1.1.100.202309141235/tools/bin/../lib/gcc/arm-none-eabi/11.3.1/thumb/v7e-m+fp/hard/crtn.o
OUTPUT(Flying controler.elf elf32-littlearm)
LOAD linker stubs
LOAD C:/ST/STM32CubeIDE_1.14.0/STM32CubeIDE/plugins/com.st.stm32cube.ide.mcu.externaltools.gnu-tools-for-stm32.11.3.rel1.win32_1.1.100.202309141235/tools/bin/../lib/gcc/arm-none-eabi/11.3.1/../../../../arm-none-eabi/lib/thumb/v7e-m+fp/hard\libc.a
LOAD C:/ST/STM32CubeIDE_1.14.0/STM32CubeIDE/plugins/com.st.stm32cube.ide.mcu.externaltools.gnu-tools-for-stm32.11.3.rel1.win32_1.1.100.202309141235/tools/bin/../lib/gcc/arm-none-eabi/11.3.1/../../../../arm-none-eabi/lib/thumb/v7e-m+fp/hard\libm.a
LOAD C:/ST/STM32CubeIDE_1.14.0/STM32CubeIDE/plugins/com.st.stm32cube.ide.mcu.externaltools.gnu-tools-for-stm32.11.3.rel1.win32_1.1.100.202309141235/tools/bin/../lib/gcc/arm-none-eabi/11.3.1/thumb/v7e-m+fp/hard\libgcc.a

.comment        0x0000000000000000       0x43
 .comment       0x0000000000000000       0x43 C:/ST/STM32CubeIDE_1.14.0/STM32CubeIDE/plugins/com.st.stm32cube.ide.mcu.externaltools.gnu-tools-for-stm32.11.3.rel1.win32_1.1.100.202309141235/tools/bin/../lib/gcc/arm-none-eabi/11.3.1/thumb/v7e-m+fp/hard/crtbegin.o
                                         0x44 (size before relaxing)
 .comment       0x0000000000000043       0x44 ./Core/Src/BME280.o
 .comment       0x0000000000000043       0x44 ./Core/Src/Functions.o
 .comment       0x0000000000000043       0x44 ./Core/Src/MPU6050.o
 .comment       0x0000000000000043       0x44 ./Core/Src/main.o
 .comment       0x0000000000000043       0x44 ./Core/Src/stm32f4xx_hal_msp.o
 .comment       0x0000000000000043       0x44 ./Core/Src/stm32f4xx_it.o
 .comment       0x0000000000000043       0x44 ./Core/Src/system_stm32f4xx.o
 .comment       0x0000000000000043       0x44 ./Drivers/STM32F4xx_HAL_Driver/Src/stm32f4xx_hal.o
 .comment       0x0000000000000043       0x44 ./Drivers/STM32F4xx_HAL_Driver/Src/stm32f4xx_hal_cortex.o
 .comment       0x0000000000000043       0x44 ./Drivers/STM32F4xx_HAL_Driver/Src/stm32f4xx_hal_gpio.o
 .comment       0x0000000000000043       0x44 ./Drivers/STM32F4xx_HAL_Driver/Src/stm32f4xx_hal_i2c.o
 .comment       0x0000000000000043       0x44 ./Drivers/STM32F4xx_HAL_Driver/Src/stm32f4xx_hal_rcc.o

.debug_info     0x0000000000000000     0x786b
 .debug_info    0x0000000000000000      0x77a ./Core/Src/BME280.o
 .debug_info    0x000000000000077a      0x22b ./Core/Src/Functions.o
 .debug_info    0x00000000000009a5      0x9ea ./Core/Src/MPU6050.o
 .debug_info    0x000000000000138f      0xb24 ./Core/Src/main.o
 .debug_info    0x0000000000001eb3      0x9b0 ./Core/Src/stm32f4xx_hal_msp.o
 .debug_info    0x0000000000002863      0x119 ./Core/Src/stm32f4xx_it.o
 .debug_info    0x000000000000297c      0x53e ./Core/Src/system_stm32f4xx.o
 .debug_info    0x0000000000002eba       0x23 ./Core/Startup/startup_stm32f401cdux.o
 .debug_info    0x0000000000002edd      0x8bb ./Drivers/STM32F4xx_HAL_Driver/Src/stm32f4xx_hal.o
 .debug_info    0x0000000000003798      0xcc1 ./Drivers/STM32F4xx_HAL_Driver/Src/stm32f4xx_hal_cortex.o
 .debug_info    0x0000000000004459      0x6f9 ./Drivers/STM32F4xx_HAL_Driver/Src/stm32f4xx_hal_gpio.o
 .debug_info    0x0000000000004b52     0x2426 ./Drivers/STM32F4xx_HAL_Driver/Src/stm32f4xx_hal_i2c.o
 .debug_info    0x0000000000006f78      0x8f3 ./Drivers/STM32F4xx_HAL_Driver/Src/stm32f4xx_hal_rcc.o

.debug_abbrev   0x0000000000000000     0x171e
 .debug_abbrev  0x0000000000000000      0x1ca ./Core/Src/BME280.o
 .debug_abbrev  0x00000000000001ca      0x101 ./Core/Src/Functions.o
 .debug_abbrev  0x00000000000002cb      0x1ea ./Core/Src/MPU6050.o
 .debug_abbrev  0x00000000000004b5      0x26f ./Core/Src/main.o
 .debug_abbrev  0x0000000000000724      0x1a4 ./Core/Src/stm32f4xx_hal_msp.o
 .debug_abbrev  0x00000000000008c8       0x73 ./Core/Src/stm32f4xx_it.o
 .debug_abbrev  0x000000000000093b      0x11a ./Core/Src/system_stm32f4xx.o
 .debug_abbrev  0x0000000000000a55       0x12 ./Core/Startup/startup_stm32f401cdux.o
 .debug_abbrev  0x0000000000000a67      0x24b ./Drivers/STM32F4xx_HAL_Driver/Src/stm32f4xx_hal.o
 .debug_abbrev  0x0000000000000cb2      0x328 ./Drivers/STM32F4xx_HAL_Driver/Src/stm32f4xx_hal_cortex.o
 .debug_abbrev  0x0000000000000fda      0x1d3 ./Drivers/STM32F4xx_HAL_Driver/Src/stm32f4xx_hal_gpio.o
 .debug_abbrev  0x00000000000011ad      0x2bc ./Drivers/STM32F4xx_HAL_Driver/Src/stm32f4xx_hal_i2c.o
 .debug_abbrev  0x0000000000001469      0x2b5 ./Drivers/STM32F4xx_HAL_Driver/Src/stm32f4xx_hal_rcc.o

.debug_aranges  0x0000000000000000      0x748
 .debug_aranges
                0x0000000000000000       0x20 ./Core/Src/BME280.o
 .debug_aranges
                0x0000000000000020       0x38 ./Core/Src/Functions.o
 .debug_aranges
                0x0000000000000058       0x30 ./Core/Src/MPU6050.o
 .debug_aranges
                0x0000000000000088       0x48 ./Core/Src/main.o
 .debug_aranges
                0x00000000000000d0       0x30 ./Core/Src/stm32f4xx_hal_msp.o
 .debug_aranges
                0x0000000000000100       0x60 ./Core/Src/stm32f4xx_it.o
 .debug_aranges
                0x0000000000000160       0x28 ./Core/Src/system_stm32f4xx.o
 .debug_aranges
                0x0000000000000188       0x28 ./Core/Startup/startup_stm32f401cdux.o
 .debug_aranges
                0x00000000000001b0       0xf0 ./Drivers/STM32F4xx_HAL_Driver/Src/stm32f4xx_hal.o
 .debug_aranges
                0x00000000000002a0      0x120 ./Drivers/STM32F4xx_HAL_Driver/Src/stm32f4xx_hal_cortex.o
 .debug_aranges
                0x00000000000003c0       0x58 ./Drivers/STM32F4xx_HAL_Driver/Src/stm32f4xx_hal_gpio.o
 .debug_aranges
                0x0000000000000418      0x2a8 ./Drivers/STM32F4xx_HAL_Driver/Src/stm32f4xx_hal_i2c.o
 .debug_aranges
                0x00000000000006c0       0x88 ./Drivers/STM32F4xx_HAL_Driver/Src/stm32f4xx_hal_rcc.o

.debug_rnglists
                0x0000000000000000      0x588
 .debug_rnglists
                0x0000000000000000       0x14 ./Core/Src/BME280.o
 .debug_rnglists
                0x0000000000000014       0x27 ./Core/Src/Functions.o
 .debug_rnglists
                0x000000000000003b       0x21 ./Core/Src/MPU6050.o
 .debug_rnglists
                0x000000000000005c       0x32 ./Core/Src/main.o
 .debug_rnglists
                0x000000000000008e       0x20 ./Core/Src/stm32f4xx_hal_msp.o
 .debug_rnglists
                0x00000000000000ae       0x43 ./Core/Src/stm32f4xx_it.o
 .debug_rnglists
                0x00000000000000f1       0x1a ./Core/Src/system_stm32f4xx.o
 .debug_rnglists
                0x000000000000010b       0x19 ./Core/Startup/startup_stm32f401cdux.o
 .debug_rnglists
                0x0000000000000124       0xaf ./Drivers/STM32F4xx_HAL_Driver/Src/stm32f4xx_hal.o
 .debug_rnglists
                0x00000000000001d3       0xd4 ./Drivers/STM32F4xx_HAL_Driver/Src/stm32f4xx_hal_cortex.o
 .debug_rnglists
                0x00000000000002a7       0x3f ./Drivers/STM32F4xx_HAL_Driver/Src/stm32f4xx_hal_gpio.o
 .debug_rnglists
                0x00000000000002e6      0x23c ./Drivers/STM32F4xx_HAL_Driver/Src/stm32f4xx_hal_i2c.o
 .debug_rnglists
                0x0000000000000522       0x66 ./Drivers/STM32F4xx_HAL_Driver/Src/stm32f4xx_hal_rcc.o

.debug_macro    0x0000000000000000    0x159ca
 .debug_macro   0x0000000000000000      0x281 ./Core/Src/BME280.o
 .debug_macro   0x0000000000000281      0xaa8 ./Core/Src/BME280.o
 .debug_macro   0x0000000000000d29       0x10 ./Core/Src/BME280.o
 .debug_macro   0x0000000000000d39       0x22 ./Core/Src/BME280.o
 .debug_macro   0x0000000000000d5b       0x5b ./Core/Src/BME280.o
 .debug_macro   0x0000000000000db6       0x2a ./Core/Src/BME280.o
 .debug_macro   0x0000000000000de0       0x94 ./Core/Src/BME280.o
 .debug_macro   0x0000000000000e74       0x43 ./Core/Src/BME280.o
 .debug_macro   0x0000000000000eb7       0x34 ./Core/Src/BME280.o
 .debug_macro   0x0000000000000eeb      0x174 ./Core/Src/BME280.o
 .debug_macro   0x000000000000105f       0x16 ./Core/Src/BME280.o
 .debug_macro   0x0000000000001075       0x43 ./Core/Src/BME280.o
 .debug_macro   0x00000000000010b8       0x57 ./Core/Src/BME280.o
 .debug_macro   0x000000000000110f       0x34 ./Core/Src/BME280.o
 .debug_macro   0x0000000000001143       0x10 ./Core/Src/BME280.o
 .debug_macro   0x0000000000001153       0x58 ./Core/Src/BME280.o
 .debug_macro   0x00000000000011ab       0x8e ./Core/Src/BME280.o
 .debug_macro   0x0000000000001239       0x1c ./Core/Src/BME280.o
 .debug_macro   0x0000000000001255      0x177 ./Core/Src/BME280.o
 .debug_macro   0x00000000000013cc      0x369 ./Core/Src/BME280.o
 .debug_macro   0x0000000000001735      0x19b ./Core/Src/BME280.o
 .debug_macro   0x00000000000018d0      0x295 ./Core/Src/BME280.o
 .debug_macro   0x0000000000001b65       0x2e ./Core/Src/BME280.o
 .debug_macro   0x0000000000001b93       0x28 ./Core/Src/BME280.o
 .debug_macro   0x0000000000001bbb      0x103 ./Core/Src/BME280.o
 .debug_macro   0x0000000000001cbe       0x6a ./Core/Src/BME280.o
 .debug_macro   0x0000000000001d28      0x1df ./Core/Src/BME280.o
 .debug_macro   0x0000000000001f07       0x1c ./Core/Src/BME280.o
 .debug_macro   0x0000000000001f23       0x22 ./Core/Src/BME280.o
 .debug_macro   0x0000000000001f45       0xfb ./Core/Src/BME280.o
 .debug_macro   0x0000000000002040     0x1011 ./Core/Src/BME280.o
 .debug_macro   0x0000000000003051      0x11f ./Core/Src/BME280.o
 .debug_macro   0x0000000000003170     0xb86c ./Core/Src/BME280.o
 .debug_macro   0x000000000000e9dc       0x6d ./Core/Src/BME280.o
 .debug_macro   0x000000000000ea49     0x368c ./Core/Src/BME280.o
 .debug_macro   0x00000000000120d5       0x56 ./Core/Src/BME280.o
 .debug_macro   0x000000000001212b      0x416 ./Core/Src/BME280.o
 .debug_macro   0x0000000000012541      0x9e9 ./Core/Src/BME280.o
 .debug_macro   0x0000000000012f2a      0x115 ./Core/Src/BME280.o
 .debug_macro   0x000000000001303f       0xf8 ./Core/Src/BME280.o
 .debug_macro   0x0000000000013137       0xa5 ./Core/Src/BME280.o
 .debug_macro   0x00000000000131dc      0x15f ./Core/Src/BME280.o
 .debug_macro   0x000000000001333b      0x287 ./Core/Src/BME280.o
 .debug_macro   0x00000000000135c2       0x5f ./Core/Src/BME280.o
 .debug_macro   0x0000000000013621      0x236 ./Core/Src/BME280.o
 .debug_macro   0x0000000000013857      0x132 ./Core/Src/BME280.o
 .debug_macro   0x0000000000013989      0x264 ./Core/Src/BME280.o
 .debug_macro   0x0000000000013bed       0x2e ./Core/Src/BME280.o
 .debug_macro   0x0000000000013c1b      0x1b5 ./Core/Src/BME280.o
 .debug_macro   0x0000000000013dd0       0x22 ./Core/Src/BME280.o
 .debug_macro   0x0000000000013df2       0xd6 ./Core/Src/BME280.o
 .debug_macro   0x0000000000013ec8      0x127 ./Core/Src/BME280.o
 .debug_macro   0x0000000000013fef       0x85 ./Core/Src/BME280.o
 .debug_macro   0x0000000000014074       0x89 ./Core/Src/BME280.o
 .debug_macro   0x00000000000140fd      0x126 ./Core/Src/BME280.o
 .debug_macro   0x0000000000014223      0x1d3 ./Core/Src/Functions.o
 .debug_macro   0x00000000000143f6       0x8e ./Core/Src/Functions.o
 .debug_macro   0x0000000000014484       0x51 ./Core/Src/Functions.o
 .debug_macro   0x00000000000144d5       0x5c ./Core/Src/Functions.o
 .debug_macro   0x0000000000014531      0x1dc ./Core/Src/MPU6050.o
 .debug_macro   0x000000000001470d       0x4c ./Core/Src/MPU6050.o
 .debug_macro   0x0000000000014759      0x29a ./Core/Src/main.o
 .debug_macro   0x00000000000149f3       0x61 ./Core/Src/main.o
 .debug_macro   0x0000000000014a54      0x1ef ./Core/Src/stm32f4xx_hal_msp.o
 .debug_macro   0x0000000000014c43      0x1f9 ./Core/Src/stm32f4xx_it.o
 .debug_macro   0x0000000000014e3c      0x1c9 ./Core/Src/system_stm32f4xx.o
 .debug_macro   0x0000000000015005      0x229 ./Drivers/STM32F4xx_HAL_Driver/Src/stm32f4xx_hal.o
 .debug_macro   0x000000000001522e      0x1c9 ./Drivers/STM32F4xx_HAL_Driver/Src/stm32f4xx_hal_cortex.o
 .debug_macro   0x00000000000153f7      0x1cf ./Drivers/STM32F4xx_HAL_Driver/Src/stm32f4xx_hal_gpio.o
 .debug_macro   0x00000000000155c6      0x217 ./Drivers/STM32F4xx_HAL_Driver/Src/stm32f4xx_hal_i2c.o
 .debug_macro   0x00000000000157dd      0x1ed ./Drivers/STM32F4xx_HAL_Driver/Src/stm32f4xx_hal_rcc.o

.debug_line     0x0000000000000000     0xa6d1
 .debug_line    0x0000000000000000      0x920 ./Core/Src/BME280.o
 .debug_line    0x0000000000000920      0x7cf ./Core/Src/Functions.o
 .debug_line    0x00000000000010ef      0x985 ./Core/Src/MPU6050.o
 .debug_line    0x0000000000001a74      0x9a7 ./Core/Src/main.o
 .debug_line    0x000000000000241b      0x7f0 ./Core/Src/stm32f4xx_hal_msp.o
 .debug_line    0x0000000000002c0b      0x821 ./Core/Src/stm32f4xx_it.o
 .debug_line    0x000000000000342c      0x7b8 ./Core/Src/system_stm32f4xx.o
 .debug_line    0x0000000000003be4       0x7a ./Core/Startup/startup_stm32f401cdux.o
 .debug_line    0x0000000000003c5e      0xa1e ./Drivers/STM32F4xx_HAL_Driver/Src/stm32f4xx_hal.o
 .debug_line    0x000000000000467c      0xcea ./Drivers/STM32F4xx_HAL_Driver/Src/stm32f4xx_hal_cortex.o
 .debug_line    0x0000000000005366      0xb56 ./Drivers/STM32F4xx_HAL_Driver/Src/stm32f4xx_hal_gpio.o
 .debug_line    0x0000000000005ebc     0x3a80 ./Drivers/STM32F4xx_HAL_Driver/Src/stm32f4xx_hal_i2c.o
 .debug_line    0x000000000000993c      0xd95 ./Drivers/STM32F4xx_HAL_Driver/Src/stm32f4xx_hal_rcc.o

.debug_str      0x0000000000000000    0x84db8
 .debug_str     0x0000000000000000    0x82999 ./Core/Src/BME280.o
                                      0x82c86 (size before relaxing)
 .debug_str     0x0000000000082999       0xa5 ./Core/Src/Functions.o
                                      0x7ee63 (size before relaxing)
 .debug_str     0x0000000000082a3e      0x26b ./Core/Src/MPU6050.o
                                      0x7f5d9 (size before relaxing)
 .debug_str     0x0000000000082ca9      0x2d9 ./Core/Src/main.o
                                      0x82ff9 (size before relaxing)
 .debug_str     0x0000000000082f82       0xd3 ./Core/Src/stm32f4xx_hal_msp.o
                                      0x7f59f (size before relaxing)
 .debug_str     0x0000000000083055       0xc9 ./Core/Src/stm32f4xx_it.o
                                      0x7ef70 (size before relaxing)
 .debug_str     0x000000000008311e       0xdb ./Core/Src/system_stm32f4xx.o
                                      0x7ef92 (size before relaxing)
 .debug_str     0x00000000000831f9       0x34 ./Core/Startup/startup_stm32f401cdux.o
                                         0x77 (size before relaxing)
 .debug_str     0x000000000008322d      0x9ae ./Drivers/STM32F4xx_HAL_Driver/Src/stm32f4xx_hal.o
                                      0x7f9b4 (size before relaxing)
 .debug_str     0x0000000000083bdb      0x357 ./Drivers/STM32F4xx_HAL_Driver/Src/stm32f4xx_hal_cortex.o
                                      0x7f6ec (size before relaxing)
 .debug_str     0x0000000000083f32      0x15d ./Drivers/STM32F4xx_HAL_Driver/Src/stm32f4xx_hal_gpio.o
                                      0x7f10d (size before relaxing)
 .debug_str     0x000000000008408f      0xb16 ./Drivers/STM32F4xx_HAL_Driver/Src/stm32f4xx_hal_i2c.o
                                      0x7ffa3 (size before relaxing)
 .debug_str     0x0000000000084ba5      0x213 ./Drivers/STM32F4xx_HAL_Driver/Src/stm32f4xx_hal_rcc.o
                                      0x7f3c6 (size before relaxing)

.debug_frame    0x0000000000000000     0x20dc
 .debug_frame   0x0000000000000000       0x3c ./Core/Src/BME280.o
 .debug_frame   0x000000000000003c       0xb0 ./Core/Src/Functions.o
 .debug_frame   0x00000000000000ec       0x84 ./Core/Src/MPU6050.o
 .debug_frame   0x0000000000000170       0xc8 ./Core/Src/main.o
 .debug_frame   0x0000000000000238       0x80 ./Core/Src/stm32f4xx_hal_msp.o
 .debug_frame   0x00000000000002b8      0x104 ./Core/Src/stm32f4xx_it.o
 .debug_frame   0x00000000000003bc       0x58 ./Core/Src/system_stm32f4xx.o
 .debug_frame   0x0000000000000414      0x374 ./Drivers/STM32F4xx_HAL_Driver/Src/stm32f4xx_hal.o
 .debug_frame   0x0000000000000788      0x4b8 ./Drivers/STM32F4xx_HAL_Driver/Src/stm32f4xx_hal_cortex.o
 .debug_frame   0x0000000000000c40      0x14c ./Drivers/STM32F4xx_HAL_Driver/Src/stm32f4xx_hal_gpio.o
 .debug_frame   0x0000000000000d8c      0xc84 ./Drivers/STM32F4xx_HAL_Driver/Src/stm32f4xx_hal_i2c.o
 .debug_frame   0x0000000000001a10      0x1f4 ./Drivers/STM32F4xx_HAL_Driver/Src/stm32f4xx_hal_rcc.o
 .debug_frame   0x0000000000001c04      0x144 C:/ST/STM32CubeIDE_1.14.0/STM32CubeIDE/plugins/com.st.stm32cube.ide.mcu.externaltools.gnu-tools-for-stm32.11.3.rel1.win32_1.1.100.202309141235/tools/bin/../lib/gcc/arm-none-eabi/11.3.1/../../../../arm-none-eabi/lib/thumb/v7e-m+fp/hard\libc_nano.a(libc_a-findfp.o)
 .debug_frame   0x0000000000001d48       0x20 C:/ST/STM32CubeIDE_1.14.0/STM32CubeIDE/plugins/com.st.stm32cube.ide.mcu.externaltools.gnu-tools-for-stm32.11.3.rel1.win32_1.1.100.202309141235/tools/bin/../lib/gcc/arm-none-eabi/11.3.1/../../../../arm-none-eabi/lib/thumb/v7e-m+fp/hard\libc_nano.a(libc_a-memset.o)
 .debug_frame   0x0000000000001d68       0x20 C:/ST/STM32CubeIDE_1.14.0/STM32CubeIDE/plugins/com.st.stm32cube.ide.mcu.externaltools.gnu-tools-for-stm32.11.3.rel1.win32_1.1.100.202309141235/tools/bin/../lib/gcc/arm-none-eabi/11.3.1/../../../../arm-none-eabi/lib/thumb/v7e-m+fp/hard\libc_nano.a(libc_a-errno.o)
 .debug_frame   0x0000000000001d88       0x2c C:/ST/STM32CubeIDE_1.14.0/STM32CubeIDE/plugins/com.st.stm32cube.ide.mcu.externaltools.gnu-tools-for-stm32.11.3.rel1.win32_1.1.100.202309141235/tools/bin/../lib/gcc/arm-none-eabi/11.3.1/../../../../arm-none-eabi/lib/thumb/v7e-m+fp/hard\libc_nano.a(libc_a-init.o)
 .debug_frame   0x0000000000001db4       0x4c C:/ST/STM32CubeIDE_1.14.0/STM32CubeIDE/plugins/com.st.stm32cube.ide.mcu.externaltools.gnu-tools-for-stm32.11.3.rel1.win32_1.1.100.202309141235/tools/bin/../lib/gcc/arm-none-eabi/11.3.1/../../../../arm-none-eabi/lib/thumb/v7e-m+fp/hard\libm.a(libm_a-w_log.o)
 .debug_frame   0x0000000000001e00       0x20 C:/ST/STM32CubeIDE_1.14.0/STM32CubeIDE/plugins/com.st.stm32cube.ide.mcu.externaltools.gnu-tools-for-stm32.11.3.rel1.win32_1.1.100.202309141235/tools/bin/../lib/gcc/arm-none-eabi/11.3.1/../../../../arm-none-eabi/lib/thumb/v7e-m+fp/hard\libm.a(libm_a-s_nan.o)
 .debug_frame   0x0000000000001e20       0x58 C:/ST/STM32CubeIDE_1.14.0/STM32CubeIDE/plugins/com.st.stm32cube.ide.mcu.externaltools.gnu-tools-for-stm32.11.3.rel1.win32_1.1.100.202309141235/tools/bin/../lib/gcc/arm-none-eabi/11.3.1/../../../../arm-none-eabi/lib/thumb/v7e-m+fp/hard\libm.a(libm_a-e_log.o)
 .debug_frame   0x0000000000001e78       0xac C:/ST/STM32CubeIDE_1.14.0/STM32CubeIDE/plugins/com.st.stm32cube.ide.mcu.externaltools.gnu-tools-for-stm32.11.3.rel1.win32_1.1.100.202309141235/tools/bin/../lib/gcc/arm-none-eabi/11.3.1/thumb/v7e-m+fp/hard\libgcc.a(_arm_addsubdf3.o)
 .debug_frame   0x0000000000001f24       0x50 C:/ST/STM32CubeIDE_1.14.0/STM32CubeIDE/plugins/com.st.stm32cube.ide.mcu.externaltools.gnu-tools-for-stm32.11.3.rel1.win32_1.1.100.202309141235/tools/bin/../lib/gcc/arm-none-eabi/11.3.1/thumb/v7e-m+fp/hard\libgcc.a(_arm_muldivdf3.o)
 .debug_frame   0x0000000000001f74       0xc4 C:/ST/STM32CubeIDE_1.14.0/STM32CubeIDE/plugins/com.st.stm32cube.ide.mcu.externaltools.gnu-tools-for-stm32.11.3.rel1.win32_1.1.100.202309141235/tools/bin/../lib/gcc/arm-none-eabi/11.3.1/thumb/v7e-m+fp/hard\libgcc.a(_arm_cmpdf2.o)
 .debug_frame   0x0000000000002038       0x20 C:/ST/STM32CubeIDE_1.14.0/STM32CubeIDE/plugins/com.st.stm32cube.ide.mcu.externaltools.gnu-tools-for-stm32.11.3.rel1.win32_1.1.100.202309141235/tools/bin/../lib/gcc/arm-none-eabi/11.3.1/thumb/v7e-m+fp/hard\libgcc.a(_arm_unorddf2.o)
 .debug_frame   0x0000000000002058       0x24 C:/ST/STM32CubeIDE_1.14.0/STM32CubeIDE/plugins/com.st.stm32cube.ide.mcu.externaltools.gnu-tools-for-stm32.11.3.rel1.win32_1.1.100.202309141235/tools/bin/../lib/gcc/arm-none-eabi/11.3.1/thumb/v7e-m+fp/hard\libgcc.a(_arm_truncdfsf2.o)
 .debug_frame   0x000000000000207c       0x2c C:/ST/STM32CubeIDE_1.14.0/STM32CubeIDE/plugins/com.st.stm32cube.ide.mcu.externaltools.gnu-tools-for-stm32.11.3.rel1.win32_1.1.100.202309141235/tools/bin/../lib/gcc/arm-none-eabi/11.3.1/thumb/v7e-m+fp/hard\libgcc.a(_aeabi_uldivmod.o)
 .debug_frame   0x00000000000020a8       0x34 C:/ST/STM32CubeIDE_1.14.0/STM32CubeIDE/plugins/com.st.stm32cube.ide.mcu.externaltools.gnu-tools-for-stm32.11.3.rel1.win32_1.1.100.202309141235/tools/bin/../lib/gcc/arm-none-eabi/11.3.1/thumb/v7e-m+fp/hard\libgcc.a(_udivmoddi4.o)

.debug_line_str
                0x0000000000000000       0x6b
 .debug_line_str
                0x0000000000000000       0x6b ./Core/Startup/startup_stm32f401cdux.o
                                         0x83 (size before relaxing)
