../Core/Src/main.c:122:6:initKalmanFilterAccel	16	static
../Core/Src/main.c:128:6:initKalmanFilterGyro	16	static
../Core/Src/main.c:134:6:KalmanFilterUpdateAccel	40	static
../Core/Src/main.c:144:6:KalmanFilterUpdateGyro	40	static
../Core/Src/main.c:154:6:MPU6050_Init	32	static
../Core/Src/main.c:169:6:MPU6050_Read_Accel	48	static
../Core/Src/main.c:198:6:MPU6050_Read_Gyro	48	static
../Core/Src/main.c:226:7:PressureToHeight	16	static
../Core/Src/main.c:231:6:BMP280_ReadPressure	32	static
../Core/Src/main.c:254:5:main	8	static
../Core/Src/main.c:302:6:SystemClock_Config	88	static
../Core/Src/main.c:344:13:MX_I2C1_Init	8	static
../Core/Src/main.c:378:13:MX_I2C2_Init	8	static
../Core/Src/main.c:412:13:MX_GPIO_Init	16	static
../Core/Src/main.c:432:6:Error_Handler	4	static,ignoring_inline_asm
